Test 1: PASS
Test 2: FAIL
Test 3: PASS
Test 4: PASS
Test 5: FAIL